[backblue.gif]
[fade.gif]
[index.html]
[images-eu.ssl-images-amazon.com/images/I/710hicIoD5Lbff5.css]
[images-eu.ssl-images-amazon.com/images/I/01SdjaY0ZsL._RC_31jdWD+JB+L.css,51a-Srr-vTL.css_7e0c.css]
[images-eu.ssl-images-amazon.com/images/I/21N2V6fmOuLc8b6.css]
[images-eu.ssl-images-amazon.com/images/I/01wGDSlxwdLf98e.js]
[images-eu.ssl-images-amazon.com/images/I/413YGgErICL088f.js]
[images-eu.ssl-images-amazon.com/images/I/8150jbgvn9Lf1d7.js]
[images-eu.ssl-images-amazon.com/images/I/31jdfgcsPAL5973.js]
[images-eu.ssl-images-amazon.com/images/I/71KpCrHpq0L99db.js]
[images-eu.ssl-images-amazon.com/images/I/51RddlGAZmLfef7.js]
[images-eu.ssl-images-amazon.com/images/I/8177uTcYaeLac85.js]
[images-eu.ssl-images-amazon.com/images/I/A1bfdSKFkcLa250.js]
[static.siege-amazon.com/prod/profiles/AuthenticationPortalSigninEU.js]
[m.media-amazon.com/images/G/01/csm/showads.v2fb02.js]
[file/C_/My Web Site/amazon5/www.amazon.sa/ap/signin9720.html]
[images-eu.ssl-images-amazon.com/images/I/710hicIoD5Lbff5.css]
[images-eu.ssl-images-amazon.com/images/I/01SdjaY0ZsL._RC_31jdWD+JB+L.css,51a-Srr-vTL.css_7e0c.css]
[m.media-amazon.com/images/S/sash/Pq46CmXZMTyTAdQ.png]
[images-eu.ssl-images-amazon.com/images/I/21N2V6fmOuLc8b6.css]
[images-eu.ssl-images-amazon.com/images/I/01wGDSlxwdLf98e.js]
[images-eu.ssl-images-amazon.com/images/I/413YGgErICL088f.js]
[images-eu.ssl-images-amazon.com/images/I/8150jbgvn9Lf1d7.js]
[images-eu.ssl-images-amazon.com/images/I/31jdfgcsPAL5973.js]
[images-eu.ssl-images-amazon.com/images/I/71KpCrHpq0L99db.js]
[images-eu.ssl-images-amazon.com/images/I/51RddlGAZmLfef7.js]
[images-eu.ssl-images-amazon.com/images/I/8177uTcYaeLac85.js]
[images-eu.ssl-images-amazon.com/images/I/A1bfdSKFkcLa250.js]
[static.siege-amazon.com/prod/profiles/AuthenticationPortalSigninEU.js]
[m.media-amazon.com/images/G/01/csm/showads.v2fb02.js]
[file/C_/My Web Site/amazon5/www.amazon.sa/ap/b]
[file/C_/My Web Site/amazon5/www.amazon.sa/ap/POST]
[file/C_/My Web Site/amazon5/www.amazon.sa/ap/y.origin]
[file/C_/My Web Site/amazon5/www.amazon.sa/ap/a]
[file/C_/My Web Site/amazon5/www.amazon.sa/ap/node_modules/timers-browserify/main.js]
[file/C_/My Web Site/amazon5/www.amazon.sa/ap/get]
[file/C_/My Web Site/amazon5/www.amazon.sa/ap/post-2]
[file/C_/My Web Site/amazon5/www.amazon.sa/ap/node_modules/uuid/v4.js]
[file/C_/My Web Site/amazon5/www.amazon.sa/ap/node_modules/css-loader/dist/runtime/api.js]
[file/C_/My Web Site/amazon5/www.amazon.sa/ap/node_modules/webpack/buildin/global.js]
[file/C_/My Web Site/amazon5/www.amazon.sa/ap/node_modules/process/browser.js]
[file/C_/My Web Site/amazon5/www.amazon.sa/ap/node_modules/setimmediate/setImmediate.js]
[file/C_/My Web Site/amazon5/www.amazon.sa/ap/node_modules/uuid/lib/rng-browser.js]
[file/C_/My Web Site/amazon5/www.amazon.sa/ap/node_modules/uuid/lib/bytesToUuid.js]
[file/C_/My Web Site/amazon5/www.amazon.sa/ap/node_modules/build-url-ts/dist/build-url.js]
[file/C_/My Web Site/amazon5/www.amazon.sa/ap/src/css/iframe.css]
[file/C_/My Web Site/amazon5/www.amazon.sa/ap/node_modules/style-loader/dist/runtime/injectStylesIntoStyleTag.js]
[file/C_/My Web Site/amazon5/www.amazon.sa/ap/node_modules/css-loader/dist/cjs.js!/src/css/iframe.css]
